scratch/current_broken.tsx(2611,15): error TS2657: JSX expressions must have one parent element.
scratch/current_broken.tsx(2667,13): error TS1128: Declaration or statement expected.
